// Jest Snapshot v1, https://goo.gl/fbAQLP

exports[`list.vue matches snapshot 1`] = `
<ul>
    <li>items 1</li>
    <li>item 2</li>
</ul>
`;
